
> backend-encrocante@1.0.0 test
> node --experimental-vm-modules node_modules/jest/bin/jest.js --runInBand tests/pedidos.test.js

node.exe : [baseline-browser-mapping] The 
data in this module is over two months old. 
 To ensure accurate Baseline data, please 
update: `npm i 
baseline-browser-mapping@latest -D`
En línea: 1 Carácter: 1
+ & "C:\Program Files\nodejs/node.exe" 
"C:\Program Files\nodejs/node_mo ...
+ ~~~~~~~~~~~~~~~~~~~~~~~~~~~~~~~~~~~~~~~~~~
~~~~~~~~~~~~~~~~~~~~~~~~~~~
    + CategoryInfo          : NotSpecified: 
    ([baseline-brows...ping@latest -D`:Str  
  ing) [], RemoteException
    + FullyQualifiedErrorId : NativeCommand 
   Error
 
  console.log
    [dotenv@17.2.2] injecting env (7) from .env -- tip: ­ƒöÉ encrypt with Dotenvx: https://dotenvx.com

      at _log (node_modules/dotenv/lib/main.js:139:11)

  console.log
    Ô£à Pool de conexiones a MySQL creado.

      at log (src/config/db.js:18:9)

  console.log
    [dotenv@17.2.2] injecting env (0) from .env -- tip: ­ƒöÉ encrypt with Dotenvx: https://dotenvx.com

      at _log (node_modules/dotenv/lib/main.js:139:11)

(node:13220) ExperimentalWarning: VM 
Modules is an experimental feature and 
might change at any time
(Use `node --trace-warnings ...` to show 
where the warning was created)
FAIL tests/pedidos.test.js
  Pedidos API
    GET /pedidos
      ├ù deber├¡a obtener una lista de 
pedidos con rol admin (441 ms)
      ├ù deber├¡a responder con 401 si no 
se proporciona token (418 ms)
    PATCH /pedidos/:id/estado
      ├ù deber├¡a actualizar el estado de 
un pedido con rol admin y responder con 200 
(433 ms)
      ├ù deber├¡a responder con 403 si un 
mesero intenta actualizar el estado (436 ms)
      ├ù deber├¡a responder con 404 si el 
pedido a actualizar no existe (400 ms)
    DELETE /pedidos/:id
      ├ù deber├¡a responder con 403 si un 
mesero intenta eliminar un pedido (401 ms)
      ├ù deber├¡a eliminar un pedido con 
rol admin y responder con 200 (421 ms)
      ├ù deber├¡a responder con 404 si el 
pedido a eliminar no existe (510 ms)

  ÔùÅ Pedidos API ÔÇ║ GET /pedidos ÔÇ║ 
deber├¡a obtener una lista de pedidos con 
rol admin

    Unknown column 'email' in 'field list'

    [0m [90m 33 |[39m
     [90m 34 |[39m       [90m// Crear 
usuarios de prueba (Admin y Mesero)[39m
    [31m[1m>[22m[39m[90m 35 |[39m     
  [36mawait[39m 
connection[33m.[39mquery([32m"INSERT 
IGNORE INTO usuarios (id, nombre, email, 
password, rol, activo) VALUES (1, 'Test 
Admin', 'admin@test.com', 'hashedpass', 
'admin', 1)"[39m)[33m;[39m
     [90m    |[39m                        
[31m[1m^[22m[39m
     [90m 36 |[39m       [36mawait[39m 
connection[33m.[39mquery([32m"INSERT 
IGNORE INTO usuarios (id, nombre, email, 
password, rol, activo) VALUES (2, 'Test 
Mesero', 'mesero@test.com', 'hashedpass', 
'mesero', 1)"[39m)[33m;[39m
     [90m 37 |[39m
     [90m 38 |[39m       [90m// Crear 
data de prueba[39m[0m

      at PromisePoolConnection.query (node_m
odules/mysql2/lib/promise/connection.js:29:2
2)
      at Object.query 
(tests/pedidos.test.js:35:24)

  ÔùÅ Pedidos API ÔÇ║ GET /pedidos ÔÇ║ 
deber├¡a responder con 401 si no se 
proporciona token

    Unknown column 'email' in 'field list'

    [0m [90m 33 |[39m
     [90m 34 |[39m       [90m// Crear 
usuarios de prueba (Admin y Mesero)[39m
    [31m[1m>[22m[39m[90m 35 |[39m     
  [36mawait[39m 
connection[33m.[39mquery([32m"INSERT 
IGNORE INTO usuarios (id, nombre, email, 
password, rol, activo) VALUES (1, 'Test 
Admin', 'admin@test.com', 'hashedpass', 
'admin', 1)"[39m)[33m;[39m
     [90m    |[39m                        
[31m[1m^[22m[39m
     [90m 36 |[39m       [36mawait[39m 
connection[33m.[39mquery([32m"INSERT 
IGNORE INTO usuarios (id, nombre, email, 
password, rol, activo) VALUES (2, 'Test 
Mesero', 'mesero@test.com', 'hashedpass', 
'mesero', 1)"[39m)[33m;[39m
     [90m 37 |[39m
     [90m 38 |[39m       [90m// Crear 
data de prueba[39m[0m

      at PromisePoolConnection.query (node_m
odules/mysql2/lib/promise/connection.js:29:2
2)
      at Object.query 
(tests/pedidos.test.js:35:24)

  ÔùÅ Pedidos API ÔÇ║ PATCH 
/pedidos/:id/estado ÔÇ║ deber├¡a actualizar 
el estado de un pedido con rol admin y 
responder con 200

    Unknown column 'email' in 'field list'

    [0m [90m 33 |[39m
     [90m 34 |[39m       [90m// Crear 
usuarios de prueba (Admin y Mesero)[39m
    [31m[1m>[22m[39m[90m 35 |[39m     
  [36mawait[39m 
connection[33m.[39mquery([32m"INSERT 
IGNORE INTO usuarios (id, nombre, email, 
password, rol, activo) VALUES (1, 'Test 
Admin', 'admin@test.com', 'hashedpass', 
'admin', 1)"[39m)[33m;[39m
     [90m    |[39m                        
[31m[1m^[22m[39m
     [90m 36 |[39m       [36mawait[39m 
connection[33m.[39mquery([32m"INSERT 
IGNORE INTO usuarios (id, nombre, email, 
password, rol, activo) VALUES (2, 'Test 
Mesero', 'mesero@test.com', 'hashedpass', 
'mesero', 1)"[39m)[33m;[39m
     [90m 37 |[39m
     [90m 38 |[39m       [90m// Crear 
data de prueba[39m[0m

      at PromisePoolConnection.query (node_m
odules/mysql2/lib/promise/connection.js:29:2
2)
      at Object.query 
(tests/pedidos.test.js:35:24)

  ÔùÅ Pedidos API ÔÇ║ PATCH 
/pedidos/:id/estado ÔÇ║ deber├¡a responder 
con 403 si un mesero intenta actualizar el 
estado

    Unknown column 'email' in 'field list'

    [0m [90m 33 |[39m
     [90m 34 |[39m       [90m// Crear 
usuarios de prueba (Admin y Mesero)[39m
    [31m[1m>[22m[39m[90m 35 |[39m     
  [36mawait[39m 
connection[33m.[39mquery([32m"INSERT 
IGNORE INTO usuarios (id, nombre, email, 
password, rol, activo) VALUES (1, 'Test 
Admin', 'admin@test.com', 'hashedpass', 
'admin', 1)"[39m)[33m;[39m
     [90m    |[39m                        
[31m[1m^[22m[39m
     [90m 36 |[39m       [36mawait[39m 
connection[33m.[39mquery([32m"INSERT 
IGNORE INTO usuarios (id, nombre, email, 
password, rol, activo) VALUES (2, 'Test 
Mesero', 'mesero@test.com', 'hashedpass', 
'mesero', 1)"[39m)[33m;[39m
     [90m 37 |[39m
     [90m 38 |[39m       [90m// Crear 
data de prueba[39m[0m

      at PromisePoolConnection.query (node_m
odules/mysql2/lib/promise/connection.js:29:2
2)
      at Object.query 
(tests/pedidos.test.js:35:24)

  ÔùÅ Pedidos API ÔÇ║ PATCH 
/pedidos/:id/estado ÔÇ║ deber├¡a responder 
con 404 si el pedido a actualizar no existe

    Unknown column 'email' in 'field list'

    [0m [90m 33 |[39m
     [90m 34 |[39m       [90m// Crear 
usuarios de prueba (Admin y Mesero)[39m
    [31m[1m>[22m[39m[90m 35 |[39m     
  [36mawait[39m 
connection[33m.[39mquery([32m"INSERT 
IGNORE INTO usuarios (id, nombre, email, 
password, rol, activo) VALUES (1, 'Test 
Admin', 'admin@test.com', 'hashedpass', 
'admin', 1)"[39m)[33m;[39m
     [90m    |[39m                        
[31m[1m^[22m[39m
     [90m 36 |[39m       [36mawait[39m 
connection[33m.[39mquery([32m"INSERT 
IGNORE INTO usuarios (id, nombre, email, 
password, rol, activo) VALUES (2, 'Test 
Mesero', 'mesero@test.com', 'hashedpass', 
'mesero', 1)"[39m)[33m;[39m
     [90m 37 |[39m
     [90m 38 |[39m       [90m// Crear 
data de prueba[39m[0m

      at PromisePoolConnection.query (node_m
odules/mysql2/lib/promise/connection.js:29:2
2)
      at Object.query 
(tests/pedidos.test.js:35:24)

  ÔùÅ Pedidos API ÔÇ║ DELETE /pedidos/:id 
ÔÇ║ deber├¡a responder con 403 si un mesero 
intenta eliminar un pedido

    Unknown column 'email' in 'field list'

    [0m [90m 33 |[39m
     [90m 34 |[39m       [90m// Crear 
usuarios de prueba (Admin y Mesero)[39m
    [31m[1m>[22m[39m[90m 35 |[39m     
  [36mawait[39m 
connection[33m.[39mquery([32m"INSERT 
IGNORE INTO usuarios (id, nombre, email, 
password, rol, activo) VALUES (1, 'Test 
Admin', 'admin@test.com', 'hashedpass', 
'admin', 1)"[39m)[33m;[39m
     [90m    |[39m                        
[31m[1m^[22m[39m
     [90m 36 |[39m       [36mawait[39m 
connection[33m.[39mquery([32m"INSERT 
IGNORE INTO usuarios (id, nombre, email, 
password, rol, activo) VALUES (2, 'Test 
Mesero', 'mesero@test.com', 'hashedpass', 
'mesero', 1)"[39m)[33m;[39m
     [90m 37 |[39m
     [90m 38 |[39m       [90m// Crear 
data de prueba[39m[0m

      at PromisePoolConnection.query (node_m
odules/mysql2/lib/promise/connection.js:29:2
2)
      at Object.query 
(tests/pedidos.test.js:35:24)

  ÔùÅ Pedidos API ÔÇ║ DELETE /pedidos/:id 
ÔÇ║ deber├¡a eliminar un pedido con rol 
admin y responder con 200

    Unknown column 'email' in 'field list'

    [0m [90m 33 |[39m
     [90m 34 |[39m       [90m// Crear 
usuarios de prueba (Admin y Mesero)[39m
    [31m[1m>[22m[39m[90m 35 |[39m     
  [36mawait[39m 
connection[33m.[39mquery([32m"INSERT 
IGNORE INTO usuarios (id, nombre, email, 
password, rol, activo) VALUES (1, 'Test 
Admin', 'admin@test.com', 'hashedpass', 
'admin', 1)"[39m)[33m;[39m
     [90m    |[39m                        
[31m[1m^[22m[39m
     [90m 36 |[39m       [36mawait[39m 
connection[33m.[39mquery([32m"INSERT 
IGNORE INTO usuarios (id, nombre, email, 
password, rol, activo) VALUES (2, 'Test 
Mesero', 'mesero@test.com', 'hashedpass', 
'mesero', 1)"[39m)[33m;[39m
     [90m 37 |[39m
     [90m 38 |[39m       [90m// Crear 
data de prueba[39m[0m

      at PromisePoolConnection.query (node_m
odules/mysql2/lib/promise/connection.js:29:2
2)
      at Object.query 
(tests/pedidos.test.js:35:24)

  ÔùÅ Pedidos API ÔÇ║ DELETE /pedidos/:id 
ÔÇ║ deber├¡a responder con 404 si el pedido 
a eliminar no existe

    Unknown column 'email' in 'field list'

    [0m [90m 33 |[39m
     [90m 34 |[39m       [90m// Crear 
usuarios de prueba (Admin y Mesero)[39m
    [31m[1m>[22m[39m[90m 35 |[39m     
  [36mawait[39m 
connection[33m.[39mquery([32m"INSERT 
IGNORE INTO usuarios (id, nombre, email, 
password, rol, activo) VALUES (1, 'Test 
Admin', 'admin@test.com', 'hashedpass', 
'admin', 1)"[39m)[33m;[39m
     [90m    |[39m                        
[31m[1m^[22m[39m
     [90m 36 |[39m       [36mawait[39m 
connection[33m.[39mquery([32m"INSERT 
IGNORE INTO usuarios (id, nombre, email, 
password, rol, activo) VALUES (2, 'Test 
Mesero', 'mesero@test.com', 'hashedpass', 
'mesero', 1)"[39m)[33m;[39m
     [90m 37 |[39m
     [90m 38 |[39m       [90m// Crear 
data de prueba[39m[0m

      at PromisePoolConnection.query (node_m
odules/mysql2/lib/promise/connection.js:29:2
2)
      at Object.query 
(tests/pedidos.test.js:35:24)

Test Suites: 1 failed, 1 total
Tests:       8 failed, 8 total
Snapshots:   0 total
Time:        4.941 s, estimated 5 s
Ran all test suites matching 
tests/pedidos.test.js.
